// Jest Snapshot v1, https://goo.gl/fbAQLP

exports[`AlongSideImage Renders correctly 1`] = `
.c1 {
  width: 100%;
}

.c2 {
  font-size: 1.2rem;
  line-height: 125%;
}

@media (min-width:768px) {
  .c0 {
    float: right;
    display: block;
    margin-right: auto;
    margin-left: 2rem;
    width: 50%;
  }

  .c0 img {
    margin: 0;
    margin-top: 1rem;
    margin-bottom: 1rem;
  }
}

<div>
  <div
    class="c0"
  >
    <picture
      class=""
    >
      <source
        media="(min-width:1280px)"
        srcset="http://localhost:8080/images/responsive/output/image02-desktop.jpg"
      />
      <source
        media="(min-width:768px)"
        srcset="http://localhost:8080/images/responsive/output/image02-tablet.jpg"
      />
      <img
        alt="Test Image"
        class="c1 pre-animated"
        loading="lazy"
        src="http://localhost:8080/images/responsive/output/image02-mobile.jpg"
      />
    </picture>
  </div>
  <p
    class="c2"
  >
    The standard chunk of Lorem Ipsum used since the 1500s is reproduced below for those interested. Sections 1.10.32 and 1.10.33 from "de Finibus Bonorum et Malorum" by Cicero are also reproduced in their exact original form, accompanied by English versions from the 1914 translation by H. Rackham.
  </p>
</div>
`;
