// Jest Snapshot v1, https://goo.gl/fbAQLP

exports[`ArticleItem Renders correctly 1`] = `
.c0 {
  display: block;
  width: 100%;
  background-color: white;
}

.c0 > * {
  font-size: 1.125rem;
  line-height: 140%;
  color: black;
}

.c0 hr {
  border-color: black;
  border-style: solid;
  display: inline-block;
  width: 100%;
  margin-bottom: 1rem;
}

.c0 img {
  width: 100%;
  display: block;
  margin-top: 2rem;
  margin-bottom: 2rem;
}

.c0 p {
  margin-top: 1rem !important;
  margin-bottom: 1rem !important;
}

.c0 ul {
  list-style: disc !important;
  margin-top: 1rem !important;
  margin-bottom: 1rem !important;
}

.c0 ul li {
  list-style: disc !important;
  margin: 1rem !important;
  margin-left: 2rem !important;
}

.c1 a {
  -webkit-text-decoration: none;
  text-decoration: none;
  color: black;
}

.c1 a h5 {
  font-weight: normal;
  font-size: 1.2rem;
}

.c1 a:hover h5 {
  color: orange;
}

.c1 a:hover span {
  color: black;
}

.c1 a span {
  font-size: 1rem;
  font-weight: bold;
  text-transform: uppercase;
  color: orange;
}

.c1 a img {
  margin: 0;
  margin-bottom: 1rem;
  width: 100%;
}

.c1 a p {
  font-size: 1rem;
  line-height: 1.2rem;
  opacity: 0.75;
}

@media (min-width:768px) {
  .c0 hr {
    margin-bottom: 2rem;
  }
}

<div
  class="c0"
>
  <div
    class="c1"
  >
    <a
      href="http://www.test.com"
      target="_self"
    >
      <img
        alt="Thumbnail"
        loading="lazy"
        src="images/test.jpg"
      />
      <h5>
        Test Title
      </h5>
      <p>
        Test copy
      </p>
    </a>
  </div>
</div>
`;
