// Jest Snapshot v1, https://goo.gl/fbAQLP

exports[`Block Renders correctly 1`] = `
.c0 {
  width: 100%;
  display: -webkit-box;
  display: -webkit-flex;
  display: -ms-flexbox;
  display: flex;
  -webkit-box-pack: center;
  -webkit-justify-content: center;
  -ms-flex-pack: center;
  justify-content: center;
  -webkit-flex-direction: column;
  -ms-flex-direction: column;
  flex-direction: column;
  -webkit-align-items: center;
  -webkit-box-align: center;
  -ms-flex-align: center;
  align-items: center;
  padding-top: 3rem;
  padding-bottom: 3rem;
  background-image: none;
}

.c1 {
  width: calc(100% - 2rem);
  display: -webkit-box;
  display: -webkit-flex;
  display: -ms-flexbox;
  display: flex;
  -webkit-flex-direction: column;
  -ms-flex-direction: column;
  flex-direction: column;
  max-width: 500px;
}

@media (min-width:768px) {
  .c0 {
    padding-top: 5rem;
    padding-bottom: 5rem;
  }
}

<div
  class="c0 testClass"
  style="background-color: rgb(255, 255, 255);"
>
  <div
    class="c1"
  >
    Testing Content
  </div>
</div>
`;
