// Jest Snapshot v1, https://goo.gl/fbAQLP

exports[`CalloutBox Renders correctly 1`] = `
.c0 {
  -webkit-flex: 1 1 auto;
  -ms-flex: 1 1 auto;
  flex: 1 1 auto;
  background-color: #ccc;
  padding: 1rem;
  box-sizing: border-box;
  display: -webkit-box;
  display: -webkit-flex;
  display: -ms-flexbox;
  display: flex;
  -webkit-flex-direction: column;
  -ms-flex-direction: column;
  flex-direction: column;
}

.c4 {
  border-radius: 50%;
  width: 25% !important;
  margin: 0 !important;
}

.c2 {
  width: 100%;
  display: -webkit-box;
  display: -webkit-flex;
  display: -ms-flexbox;
  display: flex;
  -webkit-box-pack: center;
  -webkit-justify-content: center;
  -ms-flex-pack: center;
  justify-content: center;
  -webkit-align-items: center;
  -webkit-box-align: center;
  -ms-flex-align: center;
  align-items: center;
  -webkit-align-self: flex-start;
  -ms-flex-item-align: start;
  align-self: flex-start;
  margin-top: auto;
}

.c3 {
  width: 75%;
  box-sizing: border-box;
}

.c3 > * {
  display: block;
}

.c1 {
  margin-bottom: 3rem;
}

<div
  class="c0"
>
  <div
    class="c1"
  >
    “Lorem ipsum dolor sit amet, aster si consectetur adipiscing elit. Donec malesuada blandit diam vel pharetra. Maecenas in bibendum sapien, eu di iaculis ligula. Duis tempor diam ex, non fringilla nibh faucibus et”
  </div>
  <div
    class="c2"
  >
    <div
      class="c3"
    >
      <strong>
        Jimmy Fallon
      </strong>
      <small>
        Position
      </small>
      <small>
        NBC Universal
      </small>
    </div>
    <img
      alt="proile pic"
      class="c4"
      src="http://localhost:8080/images/jimmy_fallon.jpg"
    />
  </div>
</div>
`;
