// Jest Snapshot v1, https://goo.gl/fbAQLP

exports[`Columns Renders correctly 1`] = `
.c0 {
  display: -webkit-box;
  display: -webkit-flex;
  display: -ms-flexbox;
  display: flex;
  width: 100%;
  -webkit-box-pack: justify;
  -webkit-justify-content: space-between;
  -ms-flex-pack: justify;
  justify-content: space-between;
  -webkit-flex-direction: column;
  -ms-flex-direction: column;
  flex-direction: column;
}

.c0 > div {
  width: calc(100% - 0.5rem);
  box-sizing: border-box;
}

.c1 {
  width: 100%;
}

@media (min-width:768px) {
  .c0 {
    -webkit-flex-direction: row;
    -ms-flex-direction: row;
    flex-direction: row;
  }
}

@media (min-width:768px) {
  .c0 > div {
    width: calc(50% - 1rem);
  }
}

<div>
  <div
    class="c0"
  >
    <div
      class=""
    >
      <picture
        class=""
      >
        <source
          media="(min-width:1280px)"
          srcset="http://localhost:8080/images/responsive/output/image05-tablet.jpg"
        />
        <source
          media="(min-width:768px)"
          srcset="http://localhost:8080/images/responsive/output/image05-tablet.jpg"
        />
        <img
          alt="Alt Text"
          class="c1 pre-animated"
          loading="lazy"
          src="http://localhost:8080/images/responsive/output/image05-mobile.jpg"
        />
      </picture>
    </div>
    <div
      class=""
    >
      <picture
        class=""
      >
        <source
          media="(min-width:1280px)"
          srcset="http://localhost:8080/images/responsive/output/image06-tablet.jpg"
        />
        <source
          media="(min-width:768px)"
          srcset="http://localhost:8080/images/responsive/output/image06-tablet.jpg"
        />
        <img
          alt="Alt Text"
          class="c1 pre-animated"
          loading="lazy"
          src="http://localhost:8080/images/responsive/output/image06-mobile.jpg"
        />
      </picture>
    </div>
  </div>
</div>
`;
