// Jest Snapshot v1, https://goo.gl/fbAQLP

exports[`CTAButton Renders correctly 1`] = `
.c0 {
  display: block;
  width: 100%;
  background-color: white;
}

.c0 > * {
  font-size: 1.125rem;
  line-height: 140%;
  color: black;
}

.c0 hr {
  border-color: orange;
  border-style: solid;
  display: inline-block;
  width: 100%;
  margin-top: 1rem;
  margin-bottom: 1rem;
}

.c0 img {
  width: 100%;
  display: block;
  margin-top: 2rem;
  margin-bottom: 2rem;
}

.c0 p {
  margin-top: 1rem !important;
  margin-bottom: 1rem !important;
}

.c0 ul {
  list-style: disc !important;
  margin-top: 1rem !important;
  margin-bottom: 1rem !important;
}

.c0 ul li {
  list-style: disc !important;
  margin: 1rem !important;
  margin-left: 2rem !important;
}

.c1 {
  color: black;
  padding: 0.5rem 3rem;
  display: block;
  text-align: center;
  background-color: orange;
  -webkit-text-decoration: none;
  text-decoration: none;
}

.c1:hover {
  background-color: green;
}

@media (min-width:768px) {
  .c0 hr {
    margin-top: 2rem;
    margin-bottom: 2rem;
  }
}

@media (min-width:768px) {
  .c1 {
    display: inline-block;
  }
}

<div
  class="c0"
>
  <a
    class="c1"
    href="http://test.comu"
  >
    Testing Content
  </a>
</div>
`;
