// Jest Snapshot v1, https://goo.gl/fbAQLP

exports[`Modal Renders correctly 1`] = `
.c0 {
  position: fixed;
  top: 0;
  left: 0;
  z-index: 200;
  width: 100%;
  background: rgba(0,0,0,0.75);
  height: 100%;
  display: none;
  padding: 2rem;
  padding-top: 150px;
  box-sizing: border-box;
}

.c2 {
  color: white;
}

.c1 {
  position: absolute;
  right: 2rem;
  cursor: pointer;
  background: none;
  border: none;
  color: white;
}

<div
  class="c0 test"
>
  <button
    class="c1 test__close"
  >
    close X
  </button>
  <div
    class="c2 test__content"
  >
    Testing Content
  </div>
</div>
`;
