// Jest Snapshot v1, https://goo.gl/fbAQLP

exports[`SimpleHero Renders 1`] = `
.c0 {
  display: block;
  width: 100%;
  background-color: white;
}

.c0 > * {
  font-size: 1.125rem;
  line-height: 140%;
  color: black;
}

.c0 hr {
  border-color: black;
  border-style: solid;
  display: inline-block;
  width: 100%;
  margin-bottom: 1rem;
}

.c0 img {
  width: 100%;
  display: block;
  margin-top: 2rem;
  margin-bottom: 2rem;
}

.c0 p {
  margin-top: 1rem !important;
  margin-bottom: 1rem !important;
}

.c0 ul {
  list-style: disc !important;
  margin-top: 1rem !important;
  margin-bottom: 1rem !important;
}

.c0 ul li {
  list-style: disc !important;
  margin: 1rem !important;
  margin-left: 2rem !important;
}

.c1 {
  display: -webkit-box;
  display: -webkit-flex;
  display: -ms-flexbox;
  display: flex;
  -webkit-align-items: center;
  -webkit-box-align: center;
  -ms-flex-align: center;
  align-items: center;
  -webkit-flex-direction: column;
  -ms-flex-direction: column;
  flex-direction: column;
  -webkit-box-pack: justify;
  -webkit-justify-content: space-between;
  -ms-flex-pack: justify;
  justify-content: space-between;
  padding-bottom: 2rem;
  position: relative;
  overflow: hidden;
  background-size: cover;
  background-position: center;
  background-image: url(http://localhost:8080/images/header-mobile.jpg);
}

.c8 {
  position: relative;
  padding: 2rem;
  width: calc(100% - 2rem);
  box-sizing: border-box;
}

.c8 > * {
  color: red;
  text-align: center;
}

.c3 {
  width: 100%;
  height: 100%;
  top: 0;
  left: 0;
  position: absolute;
  background: rgba(0,0,0,.5);
}

.c11 {
  border-style: solid;
  margin: 1rem 0;
  border-color: green !important;
}

.c9 {
  font-size: 1.8rem;
  line-height: 100%;
  font-weight: bold;
  display: inline-block !important;
  width: 100%;
  text-transform: none;
}

.c10 {
  font-size: 1.5rem;
  line-height: 120%;
  font-weight: bold;
}

.c12 {
  font-size: 1rem;
  line-height: 1.4rem;
}

.c6 {
  position: relative;
  max-width: 50%;
}

.c5 {
  width: 100%;
  display: -webkit-box;
  display: -webkit-flex;
  display: -ms-flexbox;
  display: flex;
  padding: 1rem;
  box-sizing: border-box;
  -webkit-box-pack: end;
  -webkit-justify-content: flex-end;
  -ms-flex-pack: end;
  justify-content: flex-end;
}

.c2 {
  width: 100%;
  position: absolute;
  top: 0;
  left: 0;
  z-index: 0;
  height: 100%;
  background: transparent;
}

.c13 {
  color: white;
  position: absolute;
  bottom: 2rem;
  display: -webkit-box;
  display: -webkit-flex;
  display: -ms-flexbox;
  display: flex;
  -webkit-flex-direction: column;
  -ms-flex-direction: column;
  flex-direction: column;
  -webkit-align-items: center;
  -webkit-box-align: center;
  -ms-flex-align: center;
  align-items: center;
  -webkit-box-pack: center;
  -webkit-justify-content: center;
  -ms-flex-pack: center;
  justify-content: center;
  width: 100%;
  font-size: 4rem;
}

.c4 {
  width: 100%;
  height: 100%;
  min-height: 600px;
  display: -webkit-box;
  display: -webkit-flex;
  display: -ms-flexbox;
  display: flex;
  -webkit-align-items: center;
  -webkit-box-align: center;
  -ms-flex-align: center;
  align-items: center;
  -webkit-flex-direction: column;
  -ms-flex-direction: column;
  flex-direction: column;
}

.c7 {
  -webkit-box-flex: 1;
  -webkit-flex-grow: 1;
  -ms-flex-positive: 1;
  flex-grow: 1;
  display: -webkit-box;
  display: -webkit-flex;
  display: -ms-flexbox;
  display: flex;
  -webkit-flex-direction: column;
  -ms-flex-direction: column;
  flex-direction: column;
  -webkit-box-pack: center;
  -webkit-justify-content: center;
  -ms-flex-pack: center;
  justify-content: center;
}

@media (min-width:768px) {
  .c0 hr {
    margin-bottom: 2rem;
  }
}

@media (min-width:768px) {
  .c1 {
    padding-bottom: 5rem;
  }
}

@media (min-width:1280px) {
  .c1 {
    padding-bottom: 10rem;
  }
}

@media (min-width:768px) {
  .c1 {
    background-image: url(http://localhost:8080/images/header-tablet.jpg);
  }
}

@media (min-width:1280px) {
  .c1 {
    background-image: url(http://localhost:8080/images/header-desktop.jpg);
  }
}

@media (min-width:768px) {
  .c8 {
    width: 100%;
    min-width: 640px;
    max-width: 1280px;
  }
}

@media (min-width:768px) {
  .c11 {
    margin: 2rem 0;
  }
}

@media (min-width:768px) {
  .c9 {
    font-size: 3.5rem;
  }
}

@media (min-width:768px) {
  .c10 {
    font-size: 2rem;
  }
}

@media (min-width:768px) {
  .c6 {
    width: auto;
  }
}

@media (min-width:768px) {
  .c5 {
    padding: 2rem;
  }
}

<div>
  <div
    class="c0"
  >
    <div
      class="c1 test"
    >
      <div
        class="c2 test__video"
      >
        <div
          class=""
          style="padding: 0px; position: relative; height: 100%; transform: scale(1);"
        >
          <div
            class=""
            style="background-image: url(http://localhost:8080/images/header-desktop.jpg); position: absolute; width: 100%; height: 100%; top: 0px; background-size: cover;"
          />
          <iframe
            allow="autoplay;"
            allowfullscreen=""
            frameborder="0"
            src="https://player.vimeo.com/video/468693933?background=1&autoplay=1&title=0&byline=0&portrait=0"
            style="position: absolute; top: 0px; left: 0px; width: 100%; height: 100%;"
          />
        </div>
      </div>
      <div
        class="c3 test__overlay"
      />
      <div
        class="c4 test__content__container"
      >
        <div
          class="c5 test__logo__container"
        >
          <img
            alt="Logo"
            class="c6 test__logo"
            src="http://localhost:8080/images/catalyst.svg"
          />
        </div>
        <div
          class="c7 test__content__wrapper"
        >
          <div
            class="c8 test__content"
            width="100%"
          >
            <h1
              class="c9 pre-animated"
            >
              A title
            </h1>
            <h2
              class="c10 pre-animated"
            >
              A sub title
            </h2>
            <hr
              class="c11 pre-animated"
            />
            <div
              class="c12 pre-animated"
            >
              <p>
                A tagline
              </p>
            </div>
          </div>
        </div>
        <div
          class="c13 test__more"
        >
          <ion-icon
            name="chevron-down-outline"
          />
        </div>
      </div>
    </div>
  </div>
</div>
`;
