// Jest Snapshot v1, https://goo.gl/fbAQLP

exports[`VimeoPlayer Renders correctly 1`] = `
.c0 {
  display: block;
  width: 100%;
  background-color: white;
}

.c0 > * {
  font-size: 1.125rem;
  line-height: 140%;
  color: black;
}

.c0 hr {
  border-color: orange;
  border-style: solid;
  display: inline-block;
  width: 100%;
  margin-top: 1rem;
  margin-bottom: 1rem;
}

.c0 img {
  width: 100%;
  display: block;
  margin-top: 2rem;
  margin-bottom: 2rem;
}

.c0 p {
  margin-top: 1rem !important;
  margin-bottom: 1rem !important;
}

.c0 ul {
  list-style: disc !important;
  margin-top: 1rem !important;
  margin-bottom: 1rem !important;
}

.c0 ul li {
  list-style: disc !important;
  margin: 1rem !important;
  margin-left: 2rem !important;
}

@media (min-width:768px) {
  .c0 hr {
    margin-top: 2rem;
    margin-bottom: 2rem;
  }
}

<div
  class="c0"
>
  <div
    class="VimeoPlayerTest"
    style="padding: 56.25% 0px 0px 0px; position: relative;"
  >
    <div
      class="VimeoPlayerTest__cover"
      style="background-image: url(http://localhost:8080/images/header-desktop.jpg); position: absolute; width: 100%; height: 100%; top: 0px; background-size: cover;"
    />
    <iframe
      allow="autoplay;"
      allowfullscreen=""
      frameborder="0"
      src="https://player.vimeo.com/video/468693933?background=1&autoplay=1&title=0&byline=0&portrait=0"
      style="position: absolute; top: 0px; left: 0px; width: 100%; height: 100%;"
    />
    <div
      class="VimeoPlayerTest__overlay"
      style="background-color: rgba(0, 0, 0, 0.5); position: absolute; top: 0px; width: 100%; height: 100%; left: 0px;"
    />
  </div>
</div>
`;
